GET /admin/api/verify
GET|POST /admin/api/config
POST /admin/api/config/reset
GET /admin/api/storage
GET /admin/api/status
POST /admin/api/sync
GET /admin/api/assets
POST /admin/api/assets/delete-item
POST /admin/api/assets/clear-token
POST /admin/api/batch/nsfw
POST /admin/api/batch/refresh
POST /admin/api/batch/cache-clear
GET|POST /admin/api/batch/
GET /admin/api/cache
GET /admin/api/cache/list
POST /admin/api/cache/clear
POST /admin/api/cache/item/delete
POST /admin/api/cache/items/delete
POST /admin/api/protocol-check
GET /admin/api/protocol-check/latest
DELETE|GET|POST /admin/api/tokens
POST /admin/api/tokens/import-async
POST /admin/api/tokens/add
PUT /admin/api/tokens/edit
POST /admin/api/tokens/disabled
POST /admin/api/tokens/disabled/batch
PUT /admin/api/tokens/pool
